[adip.disabilityaffairs.gov.in/ADIP/login.html]
[adip.disabilityaffairs.gov.in/ADIP/js/homepage/inspect_element.js]
[adip.disabilityaffairs.gov.in/ADIP/images/fvlogo1l.png]
[adip.disabilityaffairs.gov.in/ADIP/css/homepage/latest/home.css]
[adip.disabilityaffairs.gov.in/ADIP/css/homepage/latest/bootstrap-responsive.css]
[adip.disabilityaffairs.gov.in/ADIP/css/homepage/latest/flexslider.css]
[adip.disabilityaffairs.gov.in/ADIP/css/homepage/latest/prettyPhoto.css]
[adip.disabilityaffairs.gov.in/ADIP/css/homepage/latest/camera.css]
[adip.disabilityaffairs.gov.in/ADIP/css/homepage/latest/jquery.bxslider.css]
[adip.disabilityaffairs.gov.in/ADIP/css/homepage/latest/style.css]
[cdnjs.cloudflare.com/ajax/libs/font-awesome/4.7.0/css/font-awesome.min.css]
[adip.disabilityaffairs.gov.in/ADIP/css/homepage/latest/color/default.css]
[adip.disabilityaffairs.gov.in/ADIP/css/homepage/latest/bootstrap.min-3.3.7.css]
[adip.disabilityaffairs.gov.in/ADIP/css/homepage/header.css]
[adip.disabilityaffairs.gov.in/ADIP/css/dashboard/sweetalert.css]
[adip.disabilityaffairs.gov.in/ADIP/css/homepage/aos.css]
[adip.disabilityaffairs.gov.in/ADIP/css/homepage/animate.css]
[adip.disabilityaffairs.gov.in/ADIP/css/homepage/latest/stylesheet.css]
[adip.disabilityaffairs.gov.in/ADIP/css/homepage/latest/owl.transitions.css]
[adip.disabilityaffairs.gov.in/ADIP/css/homepage/latest/DataTable/dataTables.bootstrap.min.css]
[adip.disabilityaffairs.gov.in/ADIP/css/homepage/latest/mobile_new.css]
[adip.disabilityaffairs.gov.in/ADIP/js/homepage/bootstrap.min.js]
[adip.disabilityaffairs.gov.in/ADIP/js/homepage/aos.js]
[adip.disabilityaffairs.gov.in/ADIP/js/homepage/wow.min.js]
[adip.disabilityaffairs.gov.in/ADIP/js/homepage/latest/new/jquery.js]
[adip.disabilityaffairs.gov.in/ADIP/js/homepage/latest/new/jquery.easing.1.3.js]
[adip.disabilityaffairs.gov.in/ADIP/js/homepage/latest/new/bootstrap.js]
[adip.disabilityaffairs.gov.in/ADIP/js/homepage/latest/new/modernizr.custom.js]
[adip.disabilityaffairs.gov.in/ADIP/js/homepage/latest/new/toucheffects.js]
[adip.disabilityaffairs.gov.in/ADIP/js/homepage/latest/new/jquery.bxslider.min.js]
[adip.disabilityaffairs.gov.in/ADIP/js/homepage/latest/new/camera/camera.js]
[adip.disabilityaffairs.gov.in/ADIP/js/homepage/latest/new/camera/setting.js]
[adip.disabilityaffairs.gov.in/ADIP/js/homepage/latest/new/jquery.prettyPhoto.js]
[adip.disabilityaffairs.gov.in/ADIP/js/homepage/latest/new/portfolio/jquery.quicksand.js]
[adip.disabilityaffairs.gov.in/ADIP/js/homepage/latest/new/portfolio/setting.js]
[adip.disabilityaffairs.gov.in/ADIP/js/homepage/latest/new/jquery.flexslider.js]
[adip.disabilityaffairs.gov.in/ADIP/js/homepage/latest/new/animate.js]
[adip.disabilityaffairs.gov.in/ADIP/js/homepage/latest/new/inview.js]
[adip.disabilityaffairs.gov.in/ADIP/js/homepage/latest/new/jquery.bootstrap.newsbox.min.js]
[adip.disabilityaffairs.gov.in/ADIP/js/homepage/latest/new/custom.js]
[adip.disabilityaffairs.gov.in/ADIP/js/homepage/latest/new/owl.carousel.js]
[adip.disabilityaffairs.gov.in/ADIP/js/homepage/latest/lib/aos.js]
[adip.disabilityaffairs.gov.in/ADIP/js/homepage/latest/DataTable/jquery.dataTables.min.js]
[adip.disabilityaffairs.gov.in/ADIP/js/homepage/latest/DataTable/dataTables.bootstrap.min.js]
[adip.disabilityaffairs.gov.in/ADIP/js/homepage/latest/DataTable/dataTables.responsive.min.js]
[adip.disabilityaffairs.gov.in/ADIP/images/latest/schemeTitle5.png]
[adip.disabilityaffairs.gov.in/ADIP/downloadPage1.html]
[adip.disabilityaffairs.gov.in/ADIP/faq_adip.html]
[adip.disabilityaffairs.gov.in/ADIP/get_feedback_form.html]
[adip.disabilityaffairs.gov.in/ADIP/../registration]
[adip.disabilityaffairs.gov.in/ADIP/getregistration.html]
[adip.disabilityaffairs.gov.in/ADIP/download/PROSchema.xsd]
[adip.disabilityaffairs.gov.in/ADIP/download/PROSchema.xml]
[adip.disabilityaffairs.gov.in/ADIP/download/IVEDAExporterPackingDtl.xsd]
[adip.disabilityaffairs.gov.in/ADIP/download/IVEDAExporterPackingDtl.xml]
[adip.disabilityaffairs.gov.in/ADIP/download/ExporterTertiaryExcel.xlsx]
[adip.disabilityaffairs.gov.in/ADIP/download/Manuals_iveda/SchemaFiles_User_Manual.docx]
[adip.disabilityaffairs.gov.in/ADIP/js/homepage/sha256.js]
[adip.disabilityaffairs.gov.in/ADIP/js/formFieldValidation/CSRF2.js]
[adip.disabilityaffairs.gov.in/ADIP/js/formFieldValidation/md5.js]
[adip.disabilityaffairs.gov.in/ADIP/js/dashboard/alert_new.js]
[adip.disabilityaffairs.gov.in/ADIP/js/dashboard/alert.js]
[adip.disabilityaffairs.gov.in/ADIP/js/dashboard/sweetalert.min.js]
[adip.disabilityaffairs.gov.in/ADIP/js/homepage/jquery.ui.widget.js]
[adip.disabilityaffairs.gov.in/ADIP/js/homepage/jquery.fileupload.js]
[adip.disabilityaffairs.gov.in/ADIP/js/homepage/jquery.iframe-transport.js]
[adip.disabilityaffairs.gov.in/ADIP/images/latest/img/slides/camera/slide3/GalleryImg1.png]
[adip.disabilityaffairs.gov.in/ADIP/images/latest/img/slides/camera/slide3/GalleryImg6.png]
[adip.disabilityaffairs.gov.in/ADIP/images/latest/img/slides/camera/slide3/GalleryImg17.png]
[adip.disabilityaffairs.gov.in/ADIP/images/latest/img/slides/camera/slide3/GalleryImg19.png]
[adip.disabilityaffairs.gov.in/ADIP/images/latest/img/slides/camera/slide1/remote.jpg]
[adip.disabilityaffairs.gov.in/ADIP/images/latest/img/slides/camera/slide2/banner3.1.jpg]
[adip.disabilityaffairs.gov.in/ADIP/images/latest/img/slides/camera/slide2/banner2.jpg]
[adip.disabilityaffairs.gov.in/ADIP/images/latest/des2.png]
[adip.disabilityaffairs.gov.in/ADIP/images/latest/new3.png]
[adip.disabilityaffairs.gov.in/ADIP/download/adip4.pdf]
[adip.disabilityaffairs.gov.in/ADIP/images/latest/tabs-data/publication.png]
[adip.disabilityaffairs.gov.in/ADIP/download/ADIP_user_manual.pdf]
[adip.disabilityaffairs.gov.in/ADIP/images/latest/tabs-data/encylopedia.png]
[adip.disabilityaffairs.gov.in/ADIP/getEquipmentInfo.html]
[adip.disabilityaffairs.gov.in/ADIP/images/latest/tabs-data/divyangjan.png]
[adip.disabilityaffairs.gov.in/ADIP/getnational_institutes.html]
[adip.disabilityaffairs.gov.in/ADIP/images/latest/tabs-data/ngo1.png]
[adip.disabilityaffairs.gov.in/ADIP/images/latest/nationalInstitutes/Ni1.png]
[adip.disabilityaffairs.gov.in/ADIP/images/latest/nationalInstitutes/Ni2.png]
[adip.disabilityaffairs.gov.in/ADIP/images/latest/nationalInstitutes/Ni3.png]
[adip.disabilityaffairs.gov.in/ADIP/images/latest/nationalInstitutes/Ni4.png]
[adip.disabilityaffairs.gov.in/ADIP/images/latest/nationalInstitutes/Ni5a.png]
[adip.disabilityaffairs.gov.in/ADIP/images/latest/nationalInstitutes/Ni6.png]
[adip.disabilityaffairs.gov.in/ADIP/images/latest/nationalInstitutes/Ni7.png]
[adip.disabilityaffairs.gov.in/ADIP/images/latest/nationalInstitutes/Ni2a.png]
[adip.disabilityaffairs.gov.in/ADIP/images/latest/nationalInstitutes/alimco_logo.png]
[adip.disabilityaffairs.gov.in/ADIP/images/latest/nationalInstitutes/logo1.png]
[adip.disabilityaffairs.gov.in/ADIP/images/latest/nationalInstitutes/logo2.png]
[adip.disabilityaffairs.gov.in/ADIP/images/latest/nationalInstitutes/logo3.png]
[adip.disabilityaffairs.gov.in/ADIP/images/latest/nationalInstitutes/logo4.png]
[adip.disabilityaffairs.gov.in/ADIP/images/latest/nationalInstitutes/logo5.png]
[adip.disabilityaffairs.gov.in/ADIP/images/latest/nationalInstitutes/logo6.png]
[adip.disabilityaffairs.gov.in/ADIP/get_beneficiary_registration_status.html]
[adip.disabilityaffairs.gov.in/ADIP/getDisabilityInfo.html]
[adip.disabilityaffairs.gov.in/ADIP/images/latest/GalleryImages/GalleryImg1.png]
[adip.disabilityaffairs.gov.in/ADIP/images/latest/GalleryImages/GalleryImg2.png]
[adip.disabilityaffairs.gov.in/ADIP/images/latest/GalleryImages/GalleryImg3.png]
[adip.disabilityaffairs.gov.in/ADIP/images/latest/GalleryImages/GalleryImg4.png]
[adip.disabilityaffairs.gov.in/ADIP/images/latest/GalleryImages/GalleryImg5.png]
[adip.disabilityaffairs.gov.in/ADIP/images/latest/GalleryImages/GalleryImg6.png]
[adip.disabilityaffairs.gov.in/ADIP/images/latest/GalleryImages/GalleryImg7.png]
[adip.disabilityaffairs.gov.in/ADIP/images/latest/GalleryImages/GalleryImg9.png]
[adip.disabilityaffairs.gov.in/ADIP/images/latest/GalleryImages/GalleryImg10.png]
[adip.disabilityaffairs.gov.in/ADIP/images/latest/GalleryImages/GalleryImg11.png]
[adip.disabilityaffairs.gov.in/ADIP/images/latest/GalleryImages/GalleryImg12.png]
[adip.disabilityaffairs.gov.in/ADIP/images/latest/GalleryImages/GalleryImg13.png]
[adip.disabilityaffairs.gov.in/ADIP/images/latest/GalleryImages/GalleryImg14.png]
[adip.disabilityaffairs.gov.in/ADIP/images/latest/GalleryImages/GalleryImg15.png]
[adip.disabilityaffairs.gov.in/ADIP/images/latest/GalleryImages/GalleryImg16.png]
[adip.disabilityaffairs.gov.in/ADIP/images/latest/GalleryImages/GalleryImg17.png]
[adip.disabilityaffairs.gov.in/ADIP/images/latest/GalleryImages/GalleryImg18.png]
[adip.disabilityaffairs.gov.in/ADIP/images/latest/GalleryImages/GalleryImg19.png]
[adip.disabilityaffairs.gov.in/ADIP/images/latest/GalleryImages/GalleryImg20.png]
[adip.disabilityaffairs.gov.in/ADIP/images/latest/GalleryImages/GalleryImg21.png]
[adip.disabilityaffairs.gov.in/ADIP/images/latest/GalleryImages/GalleryImg22.png]
[www.gstatic.com/charts/loader.js]
[adip.disabilityaffairs.gov.in/ADIP/js/homepage/latest/new/jquery.carouselTicker.min.js]
[adip.disabilityaffairs.gov.in/ADIP/js/homepage/latest/new/start.js]
[adip.disabilityaffairs.gov.in/ADIP/js/homepage/latest/new/spotlight.bundle.js]
[cdnjs.cloudflare.com/ajax/libs/owl-carousel/1.3.3/owl.carousel.js]
[adip.disabilityaffairs.gov.in/ADIP/images/latest/footer_cdac.png]
[adip.disabilityaffairs.gov.in/ADIP/login.html]
[fonts.googleapis.com/css63ac.css]
[adip.disabilityaffairs.gov.in/ADIP/images/latest/sprite-icon.png]
[adip.disabilityaffairs.gov.in/ADIP/images/latest/grid_list_icon.png]
[adip.disabilityaffairs.gov.in/ADIP/images/latest/search-arrow.png]
[adip.disabilityaffairs.gov.in/ADIP/images/latest/world.png]
[adip.disabilityaffairs.gov.in/ADIP/css/homepage/latest/home.css]
[adip.disabilityaffairs.gov.in/ADIP/css/homepage/latest/bootstrap-responsive.css]
[adip.disabilityaffairs.gov.in/ADIP/css/homepage/img/bg_direction_nav.png]
[adip.disabilityaffairs.gov.in/ADIP/css/homepage/latest/flexslider.css]
[adip.disabilityaffairs.gov.in/ADIP/css/homepage/img/prettyPhoto/default/sprite.png]
[adip.disabilityaffairs.gov.in/ADIP/css/homepage/img/prettyPhoto/default/sprite_x.png]
[adip.disabilityaffairs.gov.in/ADIP/css/homepage/img/prettyPhoto/default/sprite_y.png]
[adip.disabilityaffairs.gov.in/ADIP/css/homepage/img/prettyPhoto/default/sprite_next.png]
[adip.disabilityaffairs.gov.in/ADIP/css/homepage/img/prettyPhoto/default/sprite_prev.png]
[adip.disabilityaffairs.gov.in/ADIP/css/homepage/img/prettyPhoto/default/default_thumb.png]
[adip.disabilityaffairs.gov.in/ADIP/css/homepage/img/prettyPhoto/light_rounded/sprite.png]
[adip.disabilityaffairs.gov.in/ADIP/css/homepage/img/prettyPhoto/light_rounded/btnNext.png]
[adip.disabilityaffairs.gov.in/ADIP/css/homepage/img/prettyPhoto/light_rounded/btnPrevious.png]
[adip.disabilityaffairs.gov.in/ADIP/css/homepage/img/prettyPhoto/dark_rounded/sprite.png]
[adip.disabilityaffairs.gov.in/ADIP/css/homepage/img/prettyPhoto/dark_rounded/contentPattern.png]
[adip.disabilityaffairs.gov.in/ADIP/css/homepage/img/prettyPhoto/dark_rounded/btnNext.png]
[adip.disabilityaffairs.gov.in/ADIP/css/homepage/img/prettyPhoto/dark_rounded/btnPrevious.png]
[adip.disabilityaffairs.gov.in/ADIP/css/homepage/img/prettyPhoto/dark_square/sprite.png]
[adip.disabilityaffairs.gov.in/ADIP/css/homepage/img/prettyPhoto/dark_square/btnNext.png]
[adip.disabilityaffairs.gov.in/ADIP/css/homepage/img/prettyPhoto/dark_square/btnPrevious.png]
[adip.disabilityaffairs.gov.in/ADIP/css/homepage/img/prettyPhoto/light_square/sprite.png]
[adip.disabilityaffairs.gov.in/ADIP/css/homepage/img/prettyPhoto/light_square/btnNext.png]
[adip.disabilityaffairs.gov.in/ADIP/css/homepage/img/prettyPhoto/light_square/btnPrevious.png]
[adip.disabilityaffairs.gov.in/ADIP/css/homepage/img/prettyPhoto/facebook/sprite.png]
[adip.disabilityaffairs.gov.in/ADIP/css/homepage/img/prettyPhoto/facebook/contentPatternTop.png]
[adip.disabilityaffairs.gov.in/ADIP/css/homepage/img/prettyPhoto/facebook/contentPatternLeft.png]
[adip.disabilityaffairs.gov.in/ADIP/css/homepage/img/prettyPhoto/facebook/contentPatternRight.png]
[adip.disabilityaffairs.gov.in/ADIP/css/homepage/img/prettyPhoto/facebook/btnNext.png]
[adip.disabilityaffairs.gov.in/ADIP/css/homepage/img/prettyPhoto/facebook/btnPrevious.png]
[adip.disabilityaffairs.gov.in/ADIP/css/homepage/img/prettyPhoto/facebook/contentPatternBottom.png]
[adip.disabilityaffairs.gov.in/ADIP/css/homepage/latest/prettyPhoto.css]
[adip.disabilityaffairs.gov.in/ADIP/css/homepage/img/camera/camera-loader.gif]
[adip.disabilityaffairs.gov.in/ADIP/css/homepage/img/camera/camera_skins.ab.delayed]
[adip.disabilityaffairs.gov.in/ADIP/css/img/camera/patterns/overlay1.png]
[adip.disabilityaffairs.gov.in/ADIP/css/homepage/img/camera/patterns/overlay2.png]
[adip.disabilityaffairs.gov.in/ADIP/css/homepage/img/slide/patterns/overlay3.png]
[adip.disabilityaffairs.gov.in/ADIP/css/homepage/img/camera/patterns/overlay4.png]
[adip.disabilityaffairs.gov.in/ADIP/css/homepage/img/camera/patterns/overlay5.png]
[adip.disabilityaffairs.gov.in/ADIP/css/homepage/img/camera/patterns/overlay6.png]
[adip.disabilityaffairs.gov.in/ADIP/css/homepage/img/camera/patterns/overlay7.png]
[adip.disabilityaffairs.gov.in/ADIP/css/homepage/img/camera/patterns/overlay8.png]
[adip.disabilityaffairs.gov.in/ADIP/css/homepage/img/camera/patterns/overlay9.png]
[adip.disabilityaffairs.gov.in/ADIP/css/homepage/img/camera/patterns/overlay10.png]
[adip.disabilityaffairs.gov.in/ADIP/css/homepage/latest/camera.css]
[adip.disabilityaffairs.gov.in/ADIP/css/homepage/latest/images/controls.png]
[adip.disabilityaffairs.gov.in/ADIP/css/homepage/latest/jquery.bxslider.css]
[adip.disabilityaffairs.gov.in/ADIP/css/homepage/latest/font-awesome.css]
[adip.disabilityaffairs.gov.in/ADIP/css/homepage/latest/overwrite.css]
[adip.disabilityaffairs.gov.in/ADIP/css/homepage/latest/animate.css]
[adip.disabilityaffairs.gov.in/ADIP/css/homepage/latest/shortcodes.css]
[adip.disabilityaffairs.gov.in/ADIP/css/homepage/img/bodybg/bg1.png]
[adip.disabilityaffairs.gov.in/ADIP/css/homepage/img/bodybg/bg2.png]
[adip.disabilityaffairs.gov.in/ADIP/css/homepage/img/bodybg/bg3.png]
[adip.disabilityaffairs.gov.in/ADIP/css/homepage/img/bodybg/bg4.png]
[adip.disabilityaffairs.gov.in/ADIP/css/homepage/img/bodybg/bg5.png]
[adip.disabilityaffairs.gov.in/ADIP/css/homepage/img/bodybg/bg6.png]
[adip.disabilityaffairs.gov.in/ADIP/css/homepage/img/bodybg/bg7.png]
[adip.disabilityaffairs.gov.in/ADIP/css/homepage/img/bodybg/bg8.png]
[adip.disabilityaffairs.gov.in/ADIP/css/homepage/img/bodybg/bg9.png]
[adip.disabilityaffairs.gov.in/ADIP/css/homepage/img/bodybg/bg10.png]
[adip.disabilityaffairs.gov.in/ADIP/css/homepage/latest/style.css]
[cdnjs.cloudflare.com/ajax/libs/font-awesome/4.7.0/fonts/fontawesome-webfont3e6e.eot]
[cdnjs.cloudflare.com/ajax/libs/font-awesome/4.7.0/fonts/fontawesome-webfontd41d.eot]
[cdnjs.cloudflare.com/ajax/libs/font-awesome/4.7.0/fonts/fontawesome-webfont3e6e.woff2]
[cdnjs.cloudflare.com/ajax/libs/font-awesome/4.7.0/fonts/fontawesome-webfont3e6e.woff]
[cdnjs.cloudflare.com/ajax/libs/font-awesome/4.7.0/fonts/fontawesome-webfont3e6e.ttf]
[cdnjs.cloudflare.com/ajax/libs/font-awesome/4.7.0/css/font-awesome.min.css]
[adip.disabilityaffairs.gov.in/ADIP/css/homepage/latest/site.css]
[adip.disabilityaffairs.gov.in/ADIP/css/homepage/latest/color/default.css]
[cdnjs.cloudflare.com/ajax/libs/font-awesome/4.7.0/fonts/fontawesome-webfont3e6e.svg]
[adip.disabilityaffairs.gov.in/ADIP/css/homepage/fonts/glyphicons-halflings-regular.woff2]
[adip.disabilityaffairs.gov.in/ADIP/css/homepage/fonts/glyphicons-halflings-regular.ttf]
[adip.disabilityaffairs.gov.in/ADIP/css/homepage/latest/@{icon-font-path}@{icon-font-name}.woff2]
[adip.disabilityaffairs.gov.in/ADIP/css/homepage/latest/@{icon-font-path}@{icon-font-name}.ttf]
[adip.disabilityaffairs.gov.in/ADIP/css/homepage/latest/bootstrap.min-3.3.7.css]
[adip.disabilityaffairs.gov.in/ADIP/images/cap_bck.jpg]
[adip.disabilityaffairs.gov.in/ADIP/css/homepage/header.css]
[adip.disabilityaffairs.gov.in/ADIP/css/dashboard/sweetalert.css]
[adip.disabilityaffairs.gov.in/ADIP/css/homepage/aos.css]
[adip.disabilityaffairs.gov.in/ADIP/css/homepage/animate.css]
[adip.disabilityaffairs.gov.in/ADIP/css/homepage/latest/carouselTicker.css]
[adip.disabilityaffairs.gov.in/ADIP/css/homepage/latest/stylesheet.css]
[adip.disabilityaffairs.gov.in/ADIP/css/homepage/latest/grabbing.png]
[adip.disabilityaffairs.gov.in/ADIP/css/homepage/latest/owl.carousel.css]
[adip.disabilityaffairs.gov.in/ADIP/css/homepage/latest/AjaxLoader.gif]
[adip.disabilityaffairs.gov.in/ADIP/css/homepage/latest/owl.theme.css]
[adip.disabilityaffairs.gov.in/ADIP/css/homepage/latest/owl.transitions.css]
[adip.disabilityaffairs.gov.in/ADIP/css/homepage/latest/DataTable/dataTables.bootstrap.min.css]
[adip.disabilityaffairs.gov.in/ADIP/css/homepage/latest/mobile_new.css]
[adip.disabilityaffairs.gov.in/ADIP/js/homepage/latest/bootstrapValidator.js]
[adip.disabilityaffairs.gov.in/ADIP/css/homepage/latest/datepicker3.css]
[adip.disabilityaffairs.gov.in/ADIP/css/homepage/latest/OrgChart/datepicker4.css]
[adip.disabilityaffairs.gov.in/ADIP/css/dataTable/datepicker4.css]
[adip.disabilityaffairs.gov.in/ADIP/js/dataTable/bootstrap-datepicker.js]
[adip.disabilityaffairs.gov.in/ADIP/js/dataTable/datepicker_analytic.js]
[adip.disabilityaffairs.gov.in/ADIP/js/validation/customValidation.js]
[adip.disabilityaffairs.gov.in/ADIP/js/globalJs/globalJs.js]
[adip.disabilityaffairs.gov.in/ADIP/downloadPage1.html]
[adip.disabilityaffairs.gov.in/ADIP/faq_adip.html]
[adip.disabilityaffairs.gov.in/ADIP/get_feedback_form.html]
[adip.disabilityaffairs.gov.in/ADIP/images/123.png]
[adip.disabilityaffairs.gov.in/ADIP/download/T_and_C.pdf]
[adip.disabilityaffairs.gov.in/ADIP/../registration]
[adip.disabilityaffairs.gov.in/ADIP/downloadPage.html]
[adip.disabilityaffairs.gov.in/ADIP/getregistration.html]
[adip.disabilityaffairs.gov.in/ADIP/download/IVEDAExporterPackingDtl.html]
[adip.disabilityaffairs.gov.in/ADIP/download/IVEDAExporterPackingDtl-2.html]
[adip.disabilityaffairs.gov.in/ADIP/js/Registration/registration.js]
[adip.disabilityaffairs.gov.in/ADIP/images/latest/equipBg2.png]
[adip.disabilityaffairs.gov.in/ADIP/getEquipmentInfo.html]
[adip.disabilityaffairs.gov.in/ADIP/images/latest/image-grow2.png]
[adip.disabilityaffairs.gov.in/ADIP/images/latest/nationalInstitutes/inner-icon2.png]
[adip.disabilityaffairs.gov.in/ADIP/images/latest/nationalInstitutes/inner-icon1.png]
[adip.disabilityaffairs.gov.in/ADIP/images/latest/nationalInstitutes/logo1Large.png]
[adip.disabilityaffairs.gov.in/ADIP/images/latest/nationalInstitutes/logo2Large.png]
[adip.disabilityaffairs.gov.in/ADIP/images/latest/nationalInstitutes/logo3Large.png]
[adip.disabilityaffairs.gov.in/ADIP/images/latest/nationalInstitutes/logo4Large.png]
[adip.disabilityaffairs.gov.in/ADIP/images/latest/nationalInstitutes/logo5Large.png]
[adip.disabilityaffairs.gov.in/ADIP/images/latest/nationalInstitutes/logo6Large.png]
[adip.disabilityaffairs.gov.in/ADIP/images/latest/nationalInstitutes/logo7Large.png]
[adip.disabilityaffairs.gov.in/ADIP/getnational_institutes.html]
[adip.disabilityaffairs.gov.in/ADIP/get_beneficiary_registration_status.html]
[adip.disabilityaffairs.gov.in/ADIP/getDisabilityInfo.html]
[adip.disabilityaffairs.gov.in/ADIP/images/latest/search-arrow.html]
[adip.disabilityaffairs.gov.in/ADIP/css/homepage/img/bg_direction_nav.html]
[adip.disabilityaffairs.gov.in/ADIP/css/homepage/img/prettyPhoto/default/sprite.html]
[adip.disabilityaffairs.gov.in/ADIP/css/homepage/img/prettyPhoto/default/sprite_x.html]
[adip.disabilityaffairs.gov.in/ADIP/css/homepage/img/prettyPhoto/default/sprite_y.html]
[adip.disabilityaffairs.gov.in/ADIP/css/homepage/img/prettyPhoto/default/sprite_next.html]
[adip.disabilityaffairs.gov.in/ADIP/css/homepage/img/prettyPhoto/default/sprite_prev.html]
[adip.disabilityaffairs.gov.in/ADIP/css/homepage/img/prettyPhoto/default/default_thumb.html]
[adip.disabilityaffairs.gov.in/ADIP/css/homepage/img/prettyPhoto/default/loader.gif]
[adip.disabilityaffairs.gov.in/ADIP/css/homepage/img/prettyPhoto/light_rounded/sprite.html]
[adip.disabilityaffairs.gov.in/ADIP/css/homepage/img/prettyPhoto/light_rounded/btnNext.html]
[adip.disabilityaffairs.gov.in/ADIP/css/homepage/img/prettyPhoto/light_rounded/btnPrevious.html]
[adip.disabilityaffairs.gov.in/ADIP/css/homepage/img/prettyPhoto/dark_rounded/sprite.html]
[adip.disabilityaffairs.gov.in/ADIP/css/homepage/img/prettyPhoto/dark_rounded/contentPattern.html]
[adip.disabilityaffairs.gov.in/ADIP/css/homepage/img/prettyPhoto/dark_rounded/btnNext.html]
[adip.disabilityaffairs.gov.in/ADIP/css/homepage/img/prettyPhoto/dark_rounded/btnPrevious.html]
[adip.disabilityaffairs.gov.in/ADIP/css/homepage/img/prettyPhoto/dark_rounded/loader.gif]
[adip.disabilityaffairs.gov.in/ADIP/css/homepage/img/prettyPhoto/dark_square/loader.gif]
[adip.disabilityaffairs.gov.in/ADIP/css/homepage/img/prettyPhoto/dark_square/sprite.html]
[adip.disabilityaffairs.gov.in/ADIP/css/homepage/img/prettyPhoto/dark_square/btnNext.html]
[adip.disabilityaffairs.gov.in/ADIP/css/homepage/img/prettyPhoto/dark_square/btnPrevious.html]
[adip.disabilityaffairs.gov.in/ADIP/css/homepage/img/prettyPhoto/light_square/sprite.html]
[adip.disabilityaffairs.gov.in/ADIP/css/homepage/img/prettyPhoto/light_square/btnNext.html]
[adip.disabilityaffairs.gov.in/ADIP/css/homepage/img/prettyPhoto/light_square/btnPrevious.html]
[adip.disabilityaffairs.gov.in/ADIP/css/homepage/img/prettyPhoto/facebook/sprite.html]
[adip.disabilityaffairs.gov.in/ADIP/css/homepage/img/prettyPhoto/facebook/contentPatternTop.html]
[adip.disabilityaffairs.gov.in/ADIP/css/homepage/img/prettyPhoto/facebook/contentPatternLeft.html]
[adip.disabilityaffairs.gov.in/ADIP/css/homepage/img/prettyPhoto/facebook/contentPatternRight.html]
[adip.disabilityaffairs.gov.in/ADIP/css/homepage/img/prettyPhoto/facebook/loader.gif]
[adip.disabilityaffairs.gov.in/ADIP/css/homepage/img/prettyPhoto/facebook/btnNext.html]
[adip.disabilityaffairs.gov.in/ADIP/css/homepage/img/prettyPhoto/facebook/btnPrevious.html]
[adip.disabilityaffairs.gov.in/ADIP/css/homepage/img/prettyPhoto/facebook/contentPatternBottom.html]
[adip.disabilityaffairs.gov.in/ADIP/css/homepage/img/prettyPhoto/facebook/default_thumbnail.gif]
[adip.disabilityaffairs.gov.in/ADIP/css/homepage/img/prettyPhoto/light_rounded/loader.gif]
[adip.disabilityaffairs.gov.in/ADIP/css/homepage/img/camera/blank.gif]
[adip.disabilityaffairs.gov.in/ADIP/css/homepage/img/camera/camera_skins.html]
[adip.disabilityaffairs.gov.in/ADIP/css/img/camera/patterns/overlay1.html]
[adip.disabilityaffairs.gov.in/ADIP/css/homepage/img/camera/patterns/overlay2.html]
[adip.disabilityaffairs.gov.in/ADIP/css/homepage/img/slide/patterns/overlay3.html]
[adip.disabilityaffairs.gov.in/ADIP/css/homepage/img/camera/patterns/overlay4.html]
[adip.disabilityaffairs.gov.in/ADIP/css/homepage/img/camera/patterns/overlay5.html]
[adip.disabilityaffairs.gov.in/ADIP/css/homepage/img/camera/patterns/overlay6.html]
[adip.disabilityaffairs.gov.in/ADIP/css/homepage/img/camera/patterns/overlay7.html]
[adip.disabilityaffairs.gov.in/ADIP/css/homepage/img/camera/patterns/overlay8.html]
[adip.disabilityaffairs.gov.in/ADIP/css/homepage/img/camera/patterns/overlay9.html]
[adip.disabilityaffairs.gov.in/ADIP/css/homepage/img/camera/patterns/overlay10.html]
[adip.disabilityaffairs.gov.in/ADIP/css/homepage/latest/images/controls.html]
[adip.disabilityaffairs.gov.in/ADIP/css/homepage/fonts/fontawesome/fontawesome-webfontf77b.ttf]
[adip.disabilityaffairs.gov.in/ADIP/css/homepage/latest/font-awesome.css]
[adip.disabilityaffairs.gov.in/ADIP/css/homepage/latest/overwrite.css]
[adip.disabilityaffairs.gov.in/ADIP/css/homepage/latest/animate.css]
[adip.disabilityaffairs.gov.in/ADIP/css/homepage/latest/shortcodes.css]
[adip.disabilityaffairs.gov.in/ADIP/css/homepage/img/bodybg/bg1.html]
[adip.disabilityaffairs.gov.in/ADIP/css/homepage/img/bodybg/bg2.html]
[adip.disabilityaffairs.gov.in/ADIP/css/homepage/img/bodybg/bg3.html]
[adip.disabilityaffairs.gov.in/ADIP/css/homepage/img/bodybg/bg4.html]
[adip.disabilityaffairs.gov.in/ADIP/css/homepage/img/bodybg/bg5.html]
[adip.disabilityaffairs.gov.in/ADIP/css/homepage/img/bodybg/bg6.html]
[adip.disabilityaffairs.gov.in/ADIP/css/homepage/img/bodybg/bg7.html]
[adip.disabilityaffairs.gov.in/ADIP/css/homepage/img/bodybg/bg8.html]
[adip.disabilityaffairs.gov.in/ADIP/css/homepage/img/bodybg/bg9.html]
[adip.disabilityaffairs.gov.in/ADIP/css/homepage/img/bodybg/bg10.html]
[cdnjs.cloudflare.com/ajax/libs/font-awesome/4.7.0/fonts/fontawesome-webfont3e6e.svg]
[adip.disabilityaffairs.gov.in/ADIP/css/homepage/fonts/glyphicons-halflings-regular.eot]
[adip.disabilityaffairs.gov.in/ADIP/css/homepage/fonts/glyphicons-halflings-regulard41d.eot]
[adip.disabilityaffairs.gov.in/ADIP/css/homepage/fonts/glyphicons-halflings-regular.html]
[adip.disabilityaffairs.gov.in/ADIP/css/homepage/fonts/glyphicons-halflings-regular.woff]
[adip.disabilityaffairs.gov.in/ADIP/css/homepage/fonts/glyphicons-halflings-regular-2.html]
[adip.disabilityaffairs.gov.in/ADIP/css/homepage/fonts/glyphicons-halflings-regular.svg]
[adip.disabilityaffairs.gov.in/ADIP/css/homepage/latest/@{icon-font-path}@{icon-font-name}.eot]
[adip.disabilityaffairs.gov.in/ADIP/css/homepage/latest/@{icon-font-path}@{icon-font-name}d41d.eot]
[adip.disabilityaffairs.gov.in/ADIP/css/homepage/latest/@{icon-font-path}@{icon-font-name}.html]
[adip.disabilityaffairs.gov.in/ADIP/css/homepage/latest/@{icon-font-path}@{icon-font-name}.woff]
[adip.disabilityaffairs.gov.in/ADIP/css/homepage/latest/@{icon-font-path}@{icon-font-name}-2.html]
[adip.disabilityaffairs.gov.in/ADIP/css/homepage/latest/@{icon-font-path}@{icon-font-name}.svg]
[adip.disabilityaffairs.gov.in/ADIP/css/homepage/images/loader.gif]
[adip.disabilityaffairs.gov.in/ADIP/css/homepage/latest/grabbing.html]
[adip.disabilityaffairs.gov.in/ADIP/css/homepage/latest/bootstrapValidator.css]
[adip.disabilityaffairs.gov.in/ADIP/css/homepage/latest/datepicker3.css]
[adip.disabilityaffairs.gov.in/ADIP/css/homepage/latest/OrgChart/datepicker4.css]
[adip.disabilityaffairs.gov.in/ADIP/css/dataTable/datepicker4.css]
[adip.disabilityaffairs.gov.in/ADIP/js/dataTable/bootstrap-datepicker.html]
[fonts.googleapis.com/icone91f.css]
[adip.disabilityaffairs.gov.in/index.html]
[adip.disabilityaffairs.gov.in/ADIP/download/adip1.pdf]
[adip.disabilityaffairs.gov.in/ADIP/download/adip2.pdf]
[adip.disabilityaffairs.gov.in/ADIP/download/adip3.pdf]
[adip.disabilityaffairs.gov.in/ADIP/download/adip5.pdf]
[adip.disabilityaffairs.gov.in/ADIP/download/adip6.pdf]
[adip.disabilityaffairs.gov.in/ADIP/downloadPage.html]
[adip.disabilityaffairs.gov.in/ADIP/css/homepage/fonts/fontawesome/fontawesome-webfontf77b.eot]
[adip.disabilityaffairs.gov.in/ADIP/css/homepage/fonts/fontawesome/fontawesome-webfontd41d.eot]
[adip.disabilityaffairs.gov.in/ADIP/css/homepage/fonts/fontawesome/fontawesome-webfontf77b.woff]
[adip.disabilityaffairs.gov.in/ADIP/css/homepage/fonts/fontawesome/fontawesome-webfontf77b.html]
[adip.disabilityaffairs.gov.in/ADIP/css/homepage/fonts/fontawesome/fontawesome-webfont.svg]
